[01m[K/mnt/c/Users/LENOVO/OneDrive/Desktop/drone/src/control_layer/src/pid_controller.cpp:13:10:[m[K [01;31m[Kfatal error: [m[Knav_msgs/msg/odometry.hpp: No such file or directory
   13 | #include [01;31m[K<nav_msgs/msg/odometry.hpp>[m[K
      |          [01;31m[K^~~~~~~~~~~~~~~~~~~~~~~~~~~[m[K
compilation terminated.
gmake[2]: *** [CMakeFiles/pid_controller.dir/build.make:76: CMakeFiles/pid_controller.dir/src/pid_controller.cpp.o] Error 1
gmake[1]: *** [CMakeFiles/Makefile2:139: CMakeFiles/pid_controller.dir/all] Error 2
gmake[1]: *** Waiting for unfinished jobs....
gmake: *** [Makefile:146: all] Error 2
